// Jest Snapshot v1, https://goo.gl/fbAQLP

exports[`Pruebas en <SearchScreen/> Debe mostrarse correctamente 1`] = `
<div
  className="container mt-5"
>
  <h1>
    Búsquedas
  </h1>
  <hr />
  <div
    className="row"
  >
    <div
      className="col-5"
    >
      <h4>
        Buscar
      </h4>
      <hr />
      <form
        className="d-grid gap-2"
        onSubmit={[Function]}
      >
        <input
          autoComplete="off"
          className="form-control"
          name="searchText"
          onChange={[Function]}
          placeholder="Buscar un héroe"
          type="text"
          value=""
        />
        <button
          className="btn btn-outline-warning mt-1"
          type="submit"
        >
          Buscar
        </button>
      </form>
    </div>
    <div
      className="col-7"
    >
      <h4>
        Resultados
      </h4>
      <hr />
      <div
        className="alert alert-info"
      >
        Buscar un héroe
      </div>
    </div>
  </div>
</div>
`;
