// Jest Snapshot v1, https://goo.gl/fbAQLP

exports[`Pruebas en <CounterApp /> Debe de hacer match con el snapshot 1`] = `
<div>
  <h1>
    Counter App
  </h1>
  <h2
    data-testid="test-counter"
  >
    100
  </h2>
  <button
    aria-label="btn-decrease"
  >
    -1
  </button>
  <button
    aria-label="btn-reset"
  >
    Reset
  </button>
  <button
    aria-label="btn-increase"
  >
    +1
  </button>
</div>
`;
