// Vitest Snapshot v1, https://vitest.dev/guide/snapshot.html

exports[`GifsApp > Should match with Snapshot 1`] = `
<div>
  <div
    class="content-center"
  >
    <h1>
      Buscador de Gifs
    </h1>
    <p>
      Busca y comparte el gif perfecto
    </p>
  </div>
  <div
    class="search-container"
  >
    <input
      placeholder="Busca lo que mÃ¡s te gusta"
      type="text"
      value=""
    />
    <button>
      Buscar
    </button>
  </div>
  <div
    class="previous-searches"
  >
    <ul
      class="previous-searches-list"
    />
  </div>
  <div
    class="gifs-container"
  />
</div>
`;
